Script started on Mon 09 May 2016 05:44:45 PM UTC
[01;32mexamonline[00m:[01;34m~/workspace[00m (master) $ mysql cli
ERROR 1045 (28000): Access denied for user 'ubuntu'@'localhost' (using password: NO)
[01;32mexamonline[00m:[01;34m~/workspace[00m (master) $ mysql cli[Kmysql cli[Kmysql cli[Kmysql-ctl cli
Welcome to the MySQL monitor.  Commands end with ; or \g.
Your MySQL connection id is 57
Server version: 5.5.47-0ubuntu0.14.04.1 (Ubuntu)

Copyright (c) 2000, 2015, Oracle and/or its affiliates. All rights reserved.

Oracle is a registered trademark of Oracle Corporation and/or its
affiliates. Other names may be trademarks of their respective
owners.

Type 'help;' or '\h' for help. Type '\c' to clear the current input statement.

mysql> use repuestop;
Database changed
mysql> source ~/workspace/script [K/script.sql 
Query OK, 0 rows affected (0.00 sec)

Query OK, 0 rows affected (0.00 sec)

Query OK, 0 rows affected (0.00 sec)

Query OK, 0 rows affected (0.00 sec)

Query OK, 0 rows affected (0.00 sec)

Query OK, 0 rows affected (0.00 sec)

Query OK, 0 rows affected (0.00 sec)

Query OK, 0 rows affected (0.00 sec)

Query OK, 0 rows affected (0.00 sec)

Query OK, 0 rows affected (0.00 sec)

Query OK, 0 rows affected (0.01 sec)

Query OK, 0 rows affected (0.00 sec)

Query OK, 0 rows affected (0.00 sec)

Query OK, 0 rows affected (0.00 sec)

Query OK, 0 rows affected (0.00 sec)

Query OK, 0 rows affected (0.00 sec)

Query OK, 0 rows affected (0.00 sec)

Query OK, 0 rows affected (0.00 sec)

Query OK, 0 rows affected (0.00 sec)

Query OK, 0 rows affected (0.01 sec)

Query OK, 1796 rows affected (0.02 sec)
Records: 1796  Duplicates: 0  Warnings: 0

Query OK, 760 rows affected (0.00 sec)
Records: 760  Duplicates: 0  Warnings: 0

Query OK, 0 rows affected (0.01 sec)

Query OK, 1 row affected (0.01 sec)

Query OK, 0 rows affected (0.01 sec)

Query OK, 1 row affected (0.00 sec)

Query OK, 0 rows affected (0.01 sec)

Query OK, 458 rows affected (0.01 sec)
Records: 458  Duplicates: 0  Warnings: 0

Query OK, 431 rows affected (0.01 sec)
Records: 431  Duplicates: 0  Warnings: 0

Query OK, 420 rows affected (0.00 sec)
Records: 420  Duplicates: 0  Warnings: 0

Query OK, 412 rows affected (0.01 sec)
Records: 412  Duplicates: 0  Warnings: 0

Query OK, 411 rows affected (0.00 sec)
Records: 411  Duplicates: 0  Warnings: 0

Query OK, 424 rows affected (0.01 sec)
Records: 424  Duplicates: 0  Warnings: 0

Query OK, 0 rows affected (0.01 sec)

Query OK, 2 rows affected (0.00 sec)
Records: 2  Duplicates: 0  Warnings: 0

Query OK, 0 rows affected (0.01 sec)

Query OK, 1 row affected (0.00 sec)

Query OK, 0 rows affected (0.01 sec)

Query OK, 1801 rows affected (0.01 sec)
Records: 1801  Duplicates: 0  Warnings: 0

Query OK, 755 rows affected (0.01 sec)
Records: 755  Duplicates: 0  Warnings: 0

Query OK, 0 rows affected (0.01 sec)

Query OK, 0 rows affected (0.01 sec)

Query OK, 3 rows affected (0.00 sec)
Records: 3  Duplicates: 0  Warnings: 0

Query OK, 0 rows affected (0.01 sec)

Query OK, 1135 rows affected (0.01 sec)
Records: 1135  Duplicates: 0  Warnings: 0

Query OK, 975 rows affected (0.01 sec)
Records: 975  Duplicates: 0  Warnings: 0

Query OK, 0 rows affected (0.01 sec)

Query OK, 4 rows affected (0.00 sec)
Records: 4  Duplicates: 0  Warnings: 0

Query OK, 0 rows affected (0.01 sec)

Query OK, 11 rows affected (0.00 sec)
Records: 11  Duplicates: 0  Warnings: 0

Query OK, 0 rows affected (0.01 sec)

Query OK, 17 rows affected (0.00 sec)
Records: 17  Duplicates: 0  Warnings: 0

Query OK, 0 rows affected (0.01 sec)

Query OK, 7 rows affected (0.01 sec)
Records: 7  Duplicates: 0  Warnings: 0

Query OK, 0 rows affected (0.00 sec)

Query OK, 0 rows affected (0.01 sec)

Query OK, 6 rows affected (0.01 sec)
Records: 6  Duplicates: 0  Warnings: 0

Query OK, 0 rows affected (0.00 sec)

Query OK, 1668 rows affected (0.02 sec)
Records: 1668  Duplicates: 0  Warnings: 0

Query OK, 888 rows affected (0.01 sec)
Records: 888  Duplicates: 0  Warnings: 0

Query OK, 0 rows affected (0.01 sec)

Query OK, 6 rows affected (0.00 sec)
Records: 6  Duplicates: 0  Warnings: 0

Query OK, 0 rows affected (0.01 sec)

Query OK, 2007 rows affected (0.01 sec)
Records: 2007  Duplicates: 0  Warnings: 0

Query OK, 549 rows affected (0.01 sec)
Records: 549  Duplicates: 0  Warnings: 0

Query OK, 0 rows affected (0.01 sec)

Query OK, 1 row affected (0.00 sec)

Query OK, 0 rows affected (0.01 sec)

Query OK, 3 rows affected (0.01 sec)
Records: 3  Duplicates: 0  Warnings: 0

Query OK, 0 rows affected (0.00 sec)

Query OK, 458 rows affected (0.01 sec)
Records: 458  Duplicates: 0  Warnings: 0

Query OK, 431 rows affected (0.01 sec)
Records: 431  Duplicates: 0  Warnings: 0

Query OK, 421 rows affected (0.01 sec)
Records: 421  Duplicates: 0  Warnings: 0

Query OK, 411 rows affected (0.01 sec)
Records: 411  Duplicates: 0  Warnings: 0

Query OK, 411 rows affected (0.01 sec)
Records: 411  Duplicates: 0  Warnings: 0

Query OK, 424 rows affected (0.01 sec)
Records: 424  Duplicates: 0  Warnings: 0

Query OK, 0 rows affected (0.01 sec)

Query OK, 0 rows affected (0.01 sec)

Query OK, 2 rows affected (0.00 sec)
Records: 2  Duplicates: 0  Warnings: 0

Query OK, 0 rows affected (0.01 sec)

ERROR 1064 (42000): You have an error in your SQL syntax; check the manual that corresponds to your MySQL server version for the right syntax to use near ')' at line 2
Query OK, 0 rows affected (0.01 sec)

Query OK, 0 rows affected (0.01 sec)

Query OK, 0 rows affected (0.00 sec)

Query OK, 2 rows affected (0.00 sec)
Records: 2  Duplicates: 0  Warnings: 0

Query OK, 0 rows affected (0.01 sec)

Query OK, 1 row affected (0.01 sec)

Query OK, 0 rows affected (0.00 sec)

Query OK, 1 row affected (0.01 sec)

ERROR 1064 (42000): You have an error in your SQL syntax; check the manual that corresponds to your MySQL server version for the right syntax to use near ')' at line 2
Query OK, 0 rows affected, 1 warning (0.00 sec)

ERROR 1146 (42S02): Table 'repuestop.fuente' doesn't exist
Query OK, 0 rows affected, 1 warning (0.00 sec)

ERROR 1146 (42S02): Table 'repuestop.fuente' doesn't exist
Query OK, 0 rows affected (0.05 sec)
Records: 0  Duplicates: 0  Warnings: 0

Query OK, 0 rows affected (0.02 sec)
Records: 0  Duplicates: 0  Warnings: 0

Query OK, 0 rows affected (0.04 sec)
Records: 0  Duplicates: 0  Warnings: 0

Query OK, 0 rows affected (0.04 sec)
Records: 0  Duplicates: 0  Warnings: 0

Query OK, 0 rows affected (0.02 sec)
Records: 0  Duplicates: 0  Warnings: 0

Query OK, 0 rows affected (0.03 sec)
Records: 0  Duplicates: 0  Warnings: 0

Query OK, 0 rows affected (0.03 sec)
Records: 0  Duplicates: 0  Warnings: 0

Query OK, 0 rows affected (0.01 sec)
Records: 0  Duplicates: 0  Warnings: 0

Query OK, 0 rows affected (0.03 sec)
Records: 0  Duplicates: 0  Warnings: 0

Query OK, 0 rows affected (0.02 sec)
Records: 0  Duplicates: 0  Warnings: 0

Query OK, 0 rows affected (0.02 sec)
Records: 0  Duplicates: 0  Warnings: 0

Query OK, 0 rows affected (0.03 sec)
Records: 0  Duplicates: 0  Warnings: 0

Query OK, 0 rows affected (0.03 sec)
Records: 0  Duplicates: 0  Warnings: 0

Query OK, 0 rows affected (0.01 sec)
Records: 0  Duplicates: 0  Warnings: 0

Query OK, 0 rows affected (0.03 sec)
Records: 0  Duplicates: 0  Warnings: 0

Query OK, 0 rows affected (0.17 sec)
Records: 0  Duplicates: 0  Warnings: 0

Query OK, 0 rows affected (0.02 sec)
Records: 0  Duplicates: 0  Warnings: 0

Query OK, 0 rows affected (0.03 sec)
Records: 0  Duplicates: 0  Warnings: 0

Query OK, 0 rows affected (0.02 sec)
Records: 0  Duplicates: 0  Warnings: 0

Query OK, 0 rows affected (0.02 sec)
Records: 0  Duplicates: 0  Warnings: 0

Query OK, 0 rows affected (0.04 sec)
Records: 0  Duplicates: 0  Warnings: 0

Query OK, 0 rows affected (0.02 sec)
Records: 0  Duplicates: 0  Warnings: 0

Query OK, 0 rows affected (0.02 sec)
Records: 0  Duplicates: 0  Warnings: 0

Query OK, 0 rows affected (0.02 sec)
Records: 0  Duplicates: 0  Warnings: 0

Query OK, 0 rows affected (0.02 sec)
Records: 0  Duplicates: 0  Warnings: 0

Query OK, 0 rows affected (0.02 sec)
Records: 0  Duplicates: 0  Warnings: 0

Query OK, 0 rows affected (0.02 sec)
Records: 0  Duplicates: 0  Warnings: 0

Query OK, 0 rows affected (0.03 sec)
Records: 0  Duplicates: 0  Warnings: 0

Query OK, 0 rows affected (0.02 sec)
Records: 0  Duplicates: 0  Warnings: 0

Query OK, 2556 rows affected (0.05 sec)
Records: 2556  Duplicates: 0  Warnings: 0

Query OK, 1 row affected (0.04 sec)
Records: 1  Duplicates: 0  Warnings: 0

Query OK, 2 rows affected (0.02 sec)
Records: 2  Duplicates: 0  Warnings: 0

Query OK, 2556 rows affected (0.03 sec)
Records: 2556  Duplicates: 0  Warnings: 0

Query OK, 3 rows affected (0.02 sec)
Records: 3  Duplicates: 0  Warnings: 0

Query OK, 2110 rows affected (0.03 sec)
Records: 2110  Duplicates: 0  Warnings: 0

Query OK, 11 rows affected (0.02 sec)
Records: 11  Duplicates: 0  Warnings: 0

Query OK, 7 rows affected (0.02 sec)
Records: 7  Duplicates: 0  Warnings: 0

Query OK, 2556 rows affected (0.04 sec)
Records: 2556  Duplicates: 0  Warnings: 0

Query OK, 6 rows affected (0.01 sec)
Records: 6  Duplicates: 0  Warnings: 0

Query OK, 1 row affected (0.01 sec)
Records: 1  Duplicates: 0  Warnings: 0

Query OK, 3 rows affected (0.03 sec)
Records: 3  Duplicates: 0  Warnings: 0

Query OK, 2556 rows affected (0.04 sec)
Records: 2556  Duplicates: 0  Warnings: 0

Query OK, 2 rows affected (0.01 sec)
Records: 2  Duplicates: 0  Warnings: 0

Query OK, 0 rows affected (0.02 sec)
Records: 0  Duplicates: 0  Warnings: 0

Query OK, 0 rows affected (0.02 sec)
Records: 0  Duplicates: 0  Warnings: 0

Query OK, 2 rows affected (0.02 sec)
Records: 2  Duplicates: 0  Warnings: 0

Query OK, 1 row affected (0.02 sec)
Records: 1  Duplicates: 0  Warnings: 0

Query OK, 1 row affected (0.03 sec)
Records: 1  Duplicates: 0  Warnings: 0

Query OK, 2556 rows affected (0.10 sec)
Records: 2556  Duplicates: 0  Warnings: 0

Query OK, 1 row affected (0.05 sec)
Records: 1  Duplicates: 0  Warnings: 0

Query OK, 2556 rows affected (0.09 sec)
Records: 2556  Duplicates: 0  Warnings: 0

Query OK, 1 row affected (0.01 sec)
Records: 1  Duplicates: 0  Warnings: 0

Query OK, 0 rows affected (0.02 sec)
Records: 0  Duplicates: 0  Warnings: 0

Query OK, 11 rows affected (0.02 sec)
Records: 11  Duplicates: 0  Warnings: 0

Query OK, 17 rows affected (0.02 sec)
Records: 17  Duplicates: 0  Warnings: 0

Query OK, 6 rows affected (0.02 sec)
Records: 6  Duplicates: 0  Warnings: 0

Query OK, 2556 rows affected (0.04 sec)
Records: 2556  Duplicates: 0  Warnings: 0

Query OK, 2556 rows affected (0.04 sec)
Records: 2556  Duplicates: 0  Warnings: 0

Query OK, 3 rows affected (0.01 sec)
Records: 3  Duplicates: 0  Warnings: 0

Query OK, 2556 rows affected (0.05 sec)
Records: 2556  Duplicates: 0  Warnings: 0

Query OK, 0 rows affected (0.01 sec)
Records: 0  Duplicates: 0  Warnings: 0

Query OK, 2 rows affected (0.03 sec)
Records: 2  Duplicates: 0  Warnings: 0

Query OK, 0 rows affected (0.00 sec)

Query OK, 0 rows affected (0.00 sec)

Query OK, 0 rows affected (0.00 sec)

mysql> use repuestop;
Database changed
mysql> show tables;
+---------------------+
| Tables_in_repuestop |
+---------------------+
| account_type        |
| accounts            |
| companies           |
| detail_retens       |
| entities            |
| entity_role         |
| instruments         |
| invoices            |
| items               |
| measurement         |
| migrations          |
| order_instrument    |
| orders              |
| parties             |
| password_resets     |
| persons             |
| product_brand       |
| product_detail      |
| product_type        |
| products            |
| quantities          |
| repuests            |
| repuests2           |
| role_type           |
| shipments           |
| test                |
| tipo_medida         |
| transferences       |
| units               |
| users               |
+---------------------+
30 rows in set (0.00 sec)

mysql> exi[K[K[Kexit
Bye
[01;32mexamonline[00m:[01;34m~/workspace[00m (master) $ mysql -u root -p
Enter password: 
ERROR 1045 (28000): Access denied for user 'root'@'localhost' (using password: YES)
[01;32mexamonline[00m:[01;34m~/workspace[00m (master) $ mysql ctl cli
mysql  Ver 14.14 Distrib 5.5.47, for debian-linux-gnu (x86_64) using readline 6.3
Copyright (c) 2000, 2015, Oracle and/or its affiliates. All rights reserved.

Oracle is a registered trademark of Oracle Corporation and/or its
affiliates. Other names may be trademarks of their respective
owners.

Usage: mysql [OPTIONS] [database]
  -?, --help          Display this help and exit.
  -I, --help          Synonym for -?
  --auto-rehash       Enable automatic rehashing. One doesn't need to use
                      'rehash' to get table and field completion, but startup
                      and reconnecting may take a longer time. Disable with
                      --disable-auto-rehash.
                      (Defaults to on; use --skip-auto-rehash to disable.)
  -A, --no-auto-rehash 
                      No automatic rehashing. One has to use 'rehash' to get
                      table and field completion. This gives a quicker start of
                      mysql and disables rehashing on reconnect.
  --auto-vertical-output 
                      Automatically switch to vertical output mode if the
                      result is wider than the terminal width.
  -B, --batch         Don't use history file. Disable interactive behavior.
                      (Enables --silent.)
  --character-sets-dir=name 
                      Directory for character set files.
  --column-type-info  Display column type information.
  -c, --comments      Preserve comments. Send comments to the server. The
                      default is --skip-comments (discard comments), enable
                      with --comments.
  -C, --compress      Use compression in server/client protocol.
  -#, --debug[=#]     This is a non-debug version. Catch this and exit.
  --debug-check       Check memory and open file usage at exit.
  -T, --debug-info    Print some debug info at exit.
  -D, --database=name Database to use.
  --default-character-set=name 
                      Set the default character set.
  --delimiter=name    Delimiter to be used.
  --enable-cleartext-plugin 
                      Enable/disable the clear text authentication plugin.
  -e, --execute=name  Execute command and quit. (Disables --force and history
                      file.)
  -E, --vertical      Print the output of a query (rows) vertically.
  -f, --force         Continue even if we get an SQL error.
  -G, --named-commands 
                      Enable named commands. Named commands mean this program's
                      internal commands; see mysql> help . When enabled, the
                      named commands can be used from any line of the query,
                      otherwise only from the first line, before an enter.
                      Disable with --disable-named-commands. This option is
                      disabled by default.
  -i, --ignore-spaces Ignore space after function names.
  --init-command=name SQL Command to execute when connecting to MySQL server.
                      Will automatically be re-executed when reconnecting.
  --local-infile      Enable/disable LOAD DATA LOCAL INFILE.
  -b, --no-beep       Turn off beep on error.
  -h, --host=name     Connect to host.
  -H, --html          Produce HTML output.
  -X, --xml           Produce XML output.
  --line-numbers      Write line numbers for errors.
                      (Defaults to on; use --skip-line-numbers to disable.)
  -L, --skip-line-numbers 
                      Don't write line number for errors.
  -n, --unbuffered    Flush buffer after each query.
  --column-names      Write column names in results.
                      (Defaults to on; use --skip-column-names to disable.)
  -N, --skip-column-names 
                      Don't write column names in results.
  --sigint-ignore     Ignore SIGINT (CTRL-C).
  -o, --one-database  Ignore statements except those that occur while the
                      default database is the one named at the command line.
  --pager[=name]      Pager to use to display results. If you don't supply an
                      option, the default pager is taken from your ENV variable
                      PAGER. Valid pagers are less, more, cat [> filename],
                      etc. See interactive help (\h) also. This option does not
                      work in batch mode. Disable with --disable-pager. This
                      option is disabled by default.
  -p, --password[=name] 
                      Password to use when connecting to server. If password is
                      not given it's asked from the tty.
  -P, --port=#        Port number to use for connection or 0 for default to, in
                      order of preference, my.cnf, $MYSQL_TCP_PORT,
                      /etc/services, built-in default (3306).
  --prompt=name       Set the mysql prompt to this value.
  --protocol=name     The protocol to use for connection (tcp, socket, pipe,
                      memory).
  -q, --quick         Don't cache result, print it row by row. This may slow
                      down the server if the output is suspended. Doesn't use
                      history file.
  -r, --raw           Write fields without conversion. Used with --batch.
  --reconnect         Reconnect if the connection is lost. Disable with
                      --disable-reconnect. This option is enabled by default.
                      (Defaults to on; use --skip-reconnect to disable.)
  -s, --silent        Be more silent. Print results with a tab as separator,
                      each row on new line.
  -S, --socket=name   The socket file to use for connection.
  --ssl               Enable SSL for connection (automatically enabled with
                      other flags).
  --ssl-ca=name       CA file in PEM format (check OpenSSL docs, implies
                      --ssl).
  --ssl-capath=name   CA directory (check OpenSSL docs, implies --ssl).
  --ssl-cert=name     X509 cert in PEM format (implies --ssl).
  --ssl-cipher=name   SSL cipher to use (implies --ssl).
  --ssl-key=name      X509 key in PEM format (implies --ssl).
  --ssl-verify-server-cert 
                      Verify server's "Common Name" in its cert against
                      hostname used when connecting. This option is disabled by
                      default.
  -t, --table         Output in table format.
  --tee=name          Append everything into outfile. See interactive help (\h)
                      also. Does not work in batch mode. Disable with
                      --disable-tee. This option is disabled by default.
  -u, --user=name     User for login if not current user.
  -U, --safe-updates  Only allow UPDATE and DELETE that uses keys.
  -U, --i-am-a-dummy  Synonym for option --safe-updates, -U.
  -v, --verbose       Write more. (-v -v -v gives the table output format).
  -V, --version       Output version information and exit.
  -w, --wait          Wait and retry if connection is down.
  --connect-timeout=# Number of seconds before connection timeout.
  --max-allowed-packet=# 
                      The maximum packet length to send to or receive from
                      server.
  --net-buffer-length=# 
                      The buffer size for TCP/IP and socket communication.
  --select-limit=#    Automatic limit for SELECT when using --safe-updates.
  --max-join-size=#   Automatic limit for rows in a join when using
                      --safe-updates.
  --secure-auth       Refuse client connecting to server if it uses old
                      (pre-4.1.1) protocol.
  --server-arg=name   Send embedded server this as a parameter.
  --show-warnings     Show warnings after every statement.
  --plugin-dir=name   Directory for client-side plugins.
  --default-auth=name Default authentication client-side plugin to use.

Default options are read from the following files in the given order:
/etc/my.cnf /etc/mysql/my.cnf /usr/etc/my.cnf ~/.my.cnf 
The following groups are read: mysql client
The following options may be given as the first argument:
--print-defaults        Print the program argument list and exit.
--no-defaults           Don't read default options from any option file.
--defaults-file=#       Only read default options from the given file #.
--defaults-extra-file=# Read this file after the global files are read.

Variables (--variable-name=value)
and boolean options {FALSE|TRUE}  Value (after reading options)
--------------------------------- ----------------------------------------
auto-rehash                       TRUE
auto-vertical-output              FALSE
character-sets-dir                (No default value)
column-type-info                  FALSE
comments                          FALSE
compress                          FALSE
debug-check                       FALSE
debug-info                        FALSE
database                          (No default value)
default-character-set             auto
delimiter                         ;
enable-cleartext-plugin           FALSE
vertical                          FALSE
force                             FALSE
named-commands                    FALSE
ignore-spaces                     FALSE
init-command                      (No default value)
local-infile                      FALSE
no-beep                           FALSE
host                              (No default value)
html                              FALSE
xml                               FALSE
line-numbers                      TRUE
unbuffered                        FALSE
column-names                      TRUE
sigint-ignore                     FALSE
port                              3306
prompt                            mysql> 
quick                             FALSE
raw                               FALSE
reconnect                         TRUE
socket                            /var/run/mysqld/mysqld.sock
ssl                               FALSE
ssl-ca                            (No default value)
ssl-capath                        (No default value)
ssl-cert                          (No default value)
ssl-cipher                        (No default value)
ssl-key                           (No default value)
ssl-verify-server-cert            FALSE
table                             FALSE
user                              (No default value)
safe-updates                      FALSE
i-am-a-dummy                      FALSE
connect-timeout                   0
max-allowed-packet                16777216
net-buffer-length                 16384
select-limit                      1000
max-join-size                     1000000
secure-auth                       FALSE
show-warnings                     FALSE
plugin-dir                        (No default value)
default-auth                      (No default value)
[01;32mexamonline[00m:[01;34m~/workspace[00m (master) $ mysql-ctl cli
Welcome to the MySQL monitor.  Commands end with ; or \g.
Your MySQL connection id is 63
Server version: 5.5.47-0ubuntu0.14.04.1 (Ubuntu)

Copyright (c) 2000, 2015, Oracle and/or its affiliates. All rights reserved.

Oracle is a registered trademark of Oracle Corporation and/or its
affiliates. Other names may be trademarks of their respective
owners.

Type 'help;' or '\h' for help. Type '\c' to clear the current input statement.

mysql> SELECT User FROM mysql.user;
+------------------+
| User             |
+------------------+
| examonline       |
| root             |
| username         |
| root             |
| root             |
| root             |
| debian-sys-maint |
| phpmyadmin       |
| root             |
+------------------+
9 rows in set (0.00 sec)

mysql> do[Krop user root;
Query OK, 0 rows affected (0.00 sec)

mysql> drop user root;[C[C[C[C[C[C[CSELECT User FROM mysql.user;
+------------------+
| User             |
+------------------+
| examonline       |
| username         |
| root             |
| root             |
| root             |
| debian-sys-maint |
| phpmyadmin       |
| root             |
+------------------+
8 rows in set (0.00 sec)

mysql> drop user root;
ERROR 1396 (HY000): Operation DROP USER failed for 'root'@'%'
mysql> drop user root; root; root[1P root[1P root[C root' root' root[1P root[C[1Proot[C[C[C[C''[K@loa[Kcalhst[K[Kost
    -> ;
Query OK, 0 rows affected (0.01 sec)

mysql> ;drop user 'root'@localhostroot;[K[C[C[C[C[C[C[CSELECT User FROM mysql.user;
+------------------+
| User             |
+------------------+
| examonline       |
| username         |
| root             |
| root             |
| root             |
| debian-sys-maint |
| phpmyadmin       |
+------------------+
7 rows in set (0.00 sec)

mysql> SELECT User FROM mysql.user;[C[C[C[C[C[C[C;[Kdrop user 'root'@localhost[1Pt'@localhost[1Pt'@localhost[1Pt'@localhost[C[1P'@localhostu'@localhosts'@localhoste'@localhostr'@localhostn'@localhosta'@localhostm'@localhoste'@localhost
    -> ;
ERROR 1396 (HY000): Operation DROP USER failed for 'username'@'localhost'
mysql> exit
Bye
[01;32mexamonline[00m:[01;34m~/workspace[00m (master) $ $C9_USER 
bash: examonline: command not found
[01;32mexamonline[00m:[01;34m~/workspace[00m (master) $ $C9_USER [1P
bash: C9_USER: command not found
[01;32mexamonline[00m:[01;34m~/workspace[00m (master) $ mysql-ctl start
 * Starting MySQL database server mysqld
   ...done.
[01;32mexamonline[00m:[01;34m~/workspace[00m (master) $ mysql-ctl start[7PC9_USER [1@$[C[C[C[C[C[C[C[Cmysql-ctl cli
Welcome to the MySQL monitor.  Commands end with ; or \g.
Your MySQL connection id is 66
Server version: 5.5.47-0ubuntu0.14.04.1 (Ubuntu)

Copyright (c) 2000, 2015, Oracle and/or its affiliates. All rights reserved.

Oracle is a registered trademark of Oracle Corporation and/or its
affiliates. Other names may be trademarks of their respective
owners.

Type 'help;' or '\h' for help. Type '\c' to clear the current input statement.

mysql> use c9;
Database changed
mysql> show user;
ERROR 1064 (42000): You have an error in your SQL syntax; check the manual that corresponds to your MySQL server version for the right syntax to use near 'user' at line 1
mysql> select user;
ERROR 1054 (42S22): Unknown column 'user' in 'field list'
mysql> exit
Bye
[01;32mexamonline[00m:[01;34m~/workspace[00m (master) $ mysql [K-ctl start
 * Starting MySQL database server mysqld
   ...done.
[01;32mexamonline[00m:[01;34m~/workspace[00m (master) $ phpmyadmin-ctl start
Usage: phpmyadmin-ctl [install]
[01;32mexamonline[00m:[01;34m~/workspace[00m (master) $ phpmyadmin-ctl start[K[K[K[K[K[K[Kl install
Starting installation
Starting MySQL
 * Starting MySQL database server mysqld
   ...done.
Configuring database
Starting apache
 * Restarting web server apache2
   ...done.

PHPMyAdmin Installation complete. You can log in at: https://ecommerce-examonline.c9users.io/phpmyadmin with the following username (and blank password):

       Username: examonline

[01;32mexamonline[00m:[01;34m~/workspace[00m (master) $ git add .
warning: CRLF will be replaced by LF in app/Domain/Util/Date.php.
The file will have its original line endings in your working directory.
warning: CRLF will be replaced by LF in resources/views/AccessPrivate/accounts/partials/modalTransference.blade.php.
The file will have its original line endings in your working directory.
warning